2024-03-02 14:38:33,109 - INFO - MySQL connection closed
2024-03-02 14:38:34,268 - INFO - Event created successfully . BenVisitID : 1 . BeneficiaryRegID : 265239. Event count: 1. Event uid: RtZm13CspZl
2024-03-02 14:38:35,190 - INFO - Event created successfully . BenVisitID : 2 . BeneficiaryRegID : 265241. Event count: 1. Event uid: yMqwMC9ya9D
2024-03-02 14:38:36,098 - INFO - Event created successfully . BenVisitID : 3 . BeneficiaryRegID : 265243. Event count: 1. Event uid: FxS2l2RJcBL
2024-03-02 14:38:37,772 - INFO - Event created successfully . BenVisitID : 4 . BeneficiaryRegID : 265245. Event count: 1. Event uid: fjCgqRTlJtN
2024-03-02 14:38:38,695 - INFO - Event created successfully . BenVisitID : 5 . BeneficiaryRegID : 265244. Event count: 1. Event uid: XZ3bFjyUAU5
2024-03-02 14:38:39,572 - INFO - Event created successfully . BenVisitID : 6 . BeneficiaryRegID : 265246. Event count: 1. Event uid: xQYv4oCoDbu
2024-03-02 14:38:40,526 - INFO - Event created successfully . BenVisitID : 7 . BeneficiaryRegID : 265248. Event count: 1. Event uid: Jn69jYtSnsb
2024-03-02 14:38:41,356 - INFO - Event created successfully . BenVisitID : 8 . BeneficiaryRegID : 265252. Event count: 1. Event uid: RMGC3h2ofiU
2024-03-02 14:38:41,840 - INFO - Event created successfully . BenVisitID : 8 . BeneficiaryRegID : 265252. Event count: 1. Event uid: KKxQ3M6hUi9
2024-03-02 14:38:42,294 - INFO - Event created successfully . BenVisitID : 8 . BeneficiaryRegID : 265252. Event count: 1. Event uid: sXuVE4SKkRc
2024-03-02 14:42:50,436 - INFO - MySQL connection closed
2024-03-02 14:42:51,899 - INFO - Event created successfully . BenVisitID : 1 . BeneficiaryRegID : 265239. Event count: 1. Event uid: g8DVmBb5iEN
2024-03-02 14:42:52,740 - INFO - Event created successfully . BenVisitID : 2 . BeneficiaryRegID : 265241. Event count: 1. Event uid: YDiagqz0Bnd
2024-03-02 14:42:53,875 - INFO - Event created successfully . BenVisitID : 3 . BeneficiaryRegID : 265243. Event count: 1. Event uid: J2OzuXm47b8
2024-03-02 14:42:59,874 - INFO - Event created successfully . BenVisitID : 4 . BeneficiaryRegID : 265245. Event count: 1. Event uid: yRRbQlSoPfb
2024-03-02 14:43:00,716 - INFO - Event created successfully . BenVisitID : 5 . BeneficiaryRegID : 265244. Event count: 1. Event uid: yVdqxKg61Hp
2024-03-02 14:43:01,562 - INFO - Event created successfully . BenVisitID : 6 . BeneficiaryRegID : 265246. Event count: 1. Event uid: EhJwhaLRyjH
2024-03-02 14:43:03,418 - INFO - Event created successfully . BenVisitID : 7 . BeneficiaryRegID : 265248. Event count: 1. Event uid: zOB55pUXnTj
2024-03-02 14:43:04,496 - INFO - Event created successfully . BenVisitID : 8 . BeneficiaryRegID : 265252. Event count: 1. Event uid: Kcfurs8tnTm
2024-03-02 14:43:08,231 - INFO - Event created successfully . BenVisitID : 8 . BeneficiaryRegID : 265252. Event count: 1. Event uid: w9IuaRbffxd
2024-03-02 14:43:16,547 - INFO - Event created successfully . BenVisitID : 8 . BeneficiaryRegID : 265252. Event count: 1. Event uid: gOJrWaM0rP5
